Archive member included to satisfy reference by file (symbol)

/Users/kellyheitz/Library/Application Support/Pebble SDK/SDKs/current/sdk-core/pebble/aplite/lib/libpebble.a(tmp7jpKUopebble.o)
                              src/c/literary-watch.c.57.o (accel_tap_service_subscribe)
/Users/kellyheitz/Library/Application Support/Pebble SDK/SDKs/4.9.169/toolchain/arm-none-eabi/bin/../lib/gcc/arm-none-eabi/14.2.1/../../../../arm-none-eabi/lib/thumb/v7-m/nofp/libc.a(libc_a-atexit.o)
                              /Users/kellyheitz/Library/Application Support/Pebble SDK/SDKs/4.9.169/toolchain/arm-none-eabi/bin/../lib/gcc/arm-none-eabi/14.2.1/../../../../arm-none-eabi/lib/thumb/v7-m/nofp/crt0.o (atexit)
/Users/kellyheitz/Library/Application Support/Pebble SDK/SDKs/4.9.169/toolchain/arm-none-eabi/bin/../lib/gcc/arm-none-eabi/14.2.1/../../../../arm-none-eabi/lib/thumb/v7-m/nofp/libc.a(libc_a-exit.o)
                              /Users/kellyheitz/Library/Application Support/Pebble SDK/SDKs/4.9.169/toolchain/arm-none-eabi/bin/../lib/gcc/arm-none-eabi/14.2.1/../../../../arm-none-eabi/lib/thumb/v7-m/nofp/crt0.o (exit)
/Users/kellyheitz/Library/Application Support/Pebble SDK/SDKs/4.9.169/toolchain/arm-none-eabi/bin/../lib/gcc/arm-none-eabi/14.2.1/../../../../arm-none-eabi/lib/thumb/v7-m/nofp/libc.a(libc_a-findfp.o)
                              /Users/kellyheitz/Library/Application Support/Pebble SDK/SDKs/4.9.169/toolchain/arm-none-eabi/bin/../lib/gcc/arm-none-eabi/14.2.1/../../../../arm-none-eabi/lib/thumb/v7-m/nofp/libc.a(libc_a-exit.o) (__stdio_exit_handler)
/Users/kellyheitz/Library/Application Support/Pebble SDK/SDKs/4.9.169/toolchain/arm-none-eabi/bin/../lib/gcc/arm-none-eabi/14.2.1/../../../../arm-none-eabi/lib/thumb/v7-m/nofp/libc.a(libc_a-impure.o)
                              /Users/kellyheitz/Library/Application Support/Pebble SDK/SDKs/4.9.169/toolchain/arm-none-eabi/bin/../lib/gcc/arm-none-eabi/14.2.1/../../../../arm-none-eabi/lib/thumb/v7-m/nofp/libc.a(libc_a-findfp.o) (_impure_data)
/Users/kellyheitz/Library/Application Support/Pebble SDK/SDKs/4.9.169/toolchain/arm-none-eabi/bin/../lib/gcc/arm-none-eabi/14.2.1/../../../../arm-none-eabi/lib/thumb/v7-m/nofp/libc.a(libc_a-init.o)
                              /Users/kellyheitz/Library/Application Support/Pebble SDK/SDKs/4.9.169/toolchain/arm-none-eabi/bin/../lib/gcc/arm-none-eabi/14.2.1/../../../../arm-none-eabi/lib/thumb/v7-m/nofp/crt0.o (__libc_init_array)
/Users/kellyheitz/Library/Application Support/Pebble SDK/SDKs/4.9.169/toolchain/arm-none-eabi/bin/../lib/gcc/arm-none-eabi/14.2.1/../../../../arm-none-eabi/lib/thumb/v7-m/nofp/libc.a(libc_a-fini.o)
                              /Users/kellyheitz/Library/Application Support/Pebble SDK/SDKs/4.9.169/toolchain/arm-none-eabi/bin/../lib/gcc/arm-none-eabi/14.2.1/../../../../arm-none-eabi/lib/thumb/v7-m/nofp/crt0.o (__libc_fini_array)
/Users/kellyheitz/Library/Application Support/Pebble SDK/SDKs/4.9.169/toolchain/arm-none-eabi/bin/../lib/gcc/arm-none-eabi/14.2.1/../../../../arm-none-eabi/lib/thumb/v7-m/nofp/libc.a(libc_a-lock.o)
                              /Users/kellyheitz/Library/Application Support/Pebble SDK/SDKs/4.9.169/toolchain/arm-none-eabi/bin/../lib/gcc/arm-none-eabi/14.2.1/../../../../arm-none-eabi/lib/thumb/v7-m/nofp/libc.a(libc_a-findfp.o) (__retarget_lock_init_recursive)
/Users/kellyheitz/Library/Application Support/Pebble SDK/SDKs/4.9.169/toolchain/arm-none-eabi/bin/../lib/gcc/arm-none-eabi/14.2.1/../../../../arm-none-eabi/lib/thumb/v7-m/nofp/libc.a(libc_a-__atexit.o)
                              /Users/kellyheitz/Library/Application Support/Pebble SDK/SDKs/4.9.169/toolchain/arm-none-eabi/bin/../lib/gcc/arm-none-eabi/14.2.1/../../../../arm-none-eabi/lib/thumb/v7-m/nofp/libc.a(libc_a-atexit.o) (__register_exitproc)
/Users/kellyheitz/Library/Application Support/Pebble SDK/SDKs/4.9.169/toolchain/arm-none-eabi/bin/../lib/gcc/arm-none-eabi/14.2.1/../../../../arm-none-eabi/lib/thumb/v7-m/nofp/libc.a(libc_a-__call_atexit.o)
                              /Users/kellyheitz/Library/Application Support/Pebble SDK/SDKs/4.9.169/toolchain/arm-none-eabi/bin/../lib/gcc/arm-none-eabi/14.2.1/../../../../arm-none-eabi/lib/thumb/v7-m/nofp/libc.a(libc_a-exit.o) (__call_exitprocs)
/Users/kellyheitz/Library/Application Support/Pebble SDK/SDKs/4.9.169/toolchain/arm-none-eabi/bin/../lib/gcc/arm-none-eabi/14.2.1/../../../../arm-none-eabi/lib/thumb/v7-m/nofp/libc.a(libc_a-mallocr.o)
                              /Users/kellyheitz/Library/Application Support/Pebble SDK/SDKs/4.9.169/toolchain/arm-none-eabi/bin/../lib/gcc/arm-none-eabi/14.2.1/../../../../arm-none-eabi/lib/thumb/v7-m/nofp/libc.a(libc_a-findfp.o) (_malloc_r)
/Users/kellyheitz/Library/Application Support/Pebble SDK/SDKs/4.9.169/toolchain/arm-none-eabi/bin/../lib/gcc/arm-none-eabi/14.2.1/../../../../arm-none-eabi/lib/thumb/v7-m/nofp/libc.a(libc_a-mlock.o)
[...]
Memory Configuration

Name             Origin             Length             Attributes
APP              0x00000000         0x00006000         xrw
*default*        0x00000000         0xffffffff

Linker script and memory map

LOAD /Users/kellyheitz/Library/Application Support/Pebble SDK/SDKs/4.9.169/toolchain/arm-none-eabi/bin/../lib/gcc/arm-none-eabi/14.2.1/thumb/v7-m/nofp/crti.o
LOAD /Users/kellyheitz/Library/Application Support/Pebble SDK/SDKs/4.9.169/toolchain/arm-none-eabi/bin/../lib/gcc/arm-none-eabi/14.2.1/thumb/v7-m/nofp/crtbegin.o
LOAD /Users/kellyheitz/Library/Application Support/Pebble SDK/SDKs/4.9.169/toolchain/arm-none-eabi/bin/../lib/gcc/arm-none-eabi/14.2.1/../../../../arm-none-eabi/lib/thumb/v7-m/nofp/crt0.o
LOAD src/c/literary-watch.c.57.o
LOAD src/c/quotes.c.57.o
LOAD src/c/sky.c.57.o
LOAD aplite/appinfo.auto.c.57.o
LOAD aplite/src/resource_ids.auto.c.57.o
LOAD src/message_keys.auto.c.57.o
LOAD /Users/kellyheitz/Library/Application Support/Pebble SDK/SDKs/current/sdk-core/pebble/aplite/lib/libpebble.a
START GROUP
LOAD /Users/kellyheitz/Library/Application Support/Pebble SDK/SDKs/4.9.169/toolchain/arm-none-eabi/bin/../lib/gcc/arm-none-eabi/14.2.1/thumb/v7-m/nofp/libgcc.a
LOAD /Users/kellyheitz/Library/Application Support/Pebble SDK/SDKs/4.9.169/toolchain/arm-none-eabi/bin/../lib/gcc/arm-none-eabi/14.2.1/../../../../arm-none-eabi/lib/thumb/v7-m/nofp/libc.a
END GROUP
LOAD /Users/kellyheitz/Library/Application Support/Pebble SDK/SDKs/4.9.169/toolchain/arm-none-eabi/bin/../lib/gcc/arm-none-eabi/14.2.1/thumb/v7-m/nofp/crtend.o
LOAD /Users/kellyheitz/Library/Application Support/Pebble SDK/SDKs/4.9.169/toolchain/arm-none-eabi/bin/../lib/gcc/arm-none-eabi/14.2.1/thumb/v7-m/nofp/crtn.o

.header         0x00000000       0x82
 *(.pbl_header)
 .pbl_header    0x00000000       0x82 aplite/appinfo.auto.c.57.o
                0x00000000                __pbl_app_info

.note.gnu.build-id
                0x00000082       0x26
                [!provide]                        PROVIDE (BUILD_ID = .)
 *(.note.gnu.build-id)
 *fill*         0x00000082        0x2 
 .note.gnu.build-id
                0x00000084       0x24 linker stubs

.text           0x000000a8      0xd72
 *(.text)
 .text          0x000000a8       0x14 /Users/kellyheitz/Library/Application Support/Pebble SDK/SDKs/current/sdk-core/pebble/aplite/lib/libpebble.a(tmp7jpKUopebble.o)
 *(.text.*)
 .text.load_sky_bitmap
                0x000000bc       0x30 src/c/literary-watch.c.57.o
 .text.refresh_cover_data
                0x000000ec       0x54 src/c/literary-watch.c.57.o
 .text.autoscroll_tick
                0x00000140       0x64 src/c/literary-watch.c.57.o
 .text.refresh_time_context
                0x000001a4       0x64 src/c/literary-watch.c.57.o
 .text.text_frame
                0x00000208       0x44 src/c/literary-watch.c.57.o
 .text.stop_autoscroll
                0x0000024c       0x18 src/c/literary-watch.c.57.o
 .text.fade_timer_cb
                0x00000264       0x54 src/c/literary-watch.c.57.o
 .text.window_unload
                0x000002b8       0x70 src/c/literary-watch.c.57.o
 .text.window_load
                0x00000328       0xe8 src/c/literary-watch.c.57.o
 .text.tick_handler
                0x00000410       0x40 src/c/literary-watch.c.57.o
 .text.reveal_quote
                0x00000450      0x1b4 src/c/literary-watch.c.57.o
 .text.tap_handler
                0x00000604       0x28 src/c/literary-watch.c.57.o
 .text.draw_cover_line.constprop.0
                0x0000062c       0xb0 src/c/literary-watch.c.57.o
 .text.bg_update_proc
                0x000006dc      0x1a0 src/c/literary-watch.c.57.o
 .text.startup.main
                0x0000087c       0x90 src/c/literary-watch.c.57.o
                0x0000087c                main
 .text.copy_field.constprop.0
                0x0000090c       0x3c src/c/quotes.c.57.o
 .text.quotes_init
                0x00000948       0x34 src/c/quotes.c.57.o
                0x00000948                quotes_init
 .text.slot_for_time
                0x0000097c       0x24 src/c/quotes.c.57.o
                0x0000097c                slot_for_time
 .text.quote_for_slot
                0x000009a0      0x114 src/c/quotes.c.57.o
                0x000009a0                quote_for_slot
 .text.band_for_hour
                0x00000ab4       0x18 src/c/sky.c.57.o
                0x00000ab4                band_for_hour
 .text.sky_resource_for_band
                0x00000acc        0xc src/c/sky.c.57.o
                0x00000acc                sky_resource_for_band
 .text.accel_tap_service_subscribe
                0x00000ad8        0xc /Users/kellyheitz/Library/Application Support/Pebble SDK/SDKs/current/sdk-core/pebble/aplite/lib/libpebble.a(tmp7jpKUopebble.o)
                0x00000ad8                accel_tap_service_subscribe
 .text.accel_tap_service_unsubscribe
                0x00000ae4        0xc /Users/kellyheitz/Library/Application Support/Pebble SDK/SDKs/current/sdk-core/pebble/aplite/lib/libpebble.a(tmp7jpKUopebble.o)
                0x00000ae4                accel_tap_service_unsubscribe
 .text.app_event_loop
                0x00000af0        0xc /Users/kellyheitz/Library/Application Support/Pebble SDK/SDKs/current/sdk-core/pebble/aplite/lib/libpebble.a(tmp7jpKUopebble.o)
                0x00000af0                app_event_loop
 .text.app_log  0x00000afc        0xc /Users/kellyheitz/Library/Application Support/Pebble SDK/SDKs/current/sdk-core/pebble/aplite/lib/libpebble.a(tmp7jpKUopebble.o)
                0x00000afc                app_log
 .text.app_timer_cancel
                0x00000b08        0xc /Users/kellyheitz/Library/Application Support/Pebble SDK/SDKs/current/sdk-core/pebble/aplite/lib/libpebble.a(tmp7jpKUopebble.o)
                0x00000b08                app_timer_cancel
 .text.app_timer_register
                0x00000b14        0xc /Users/kellyheitz/Library/Application Support/Pebble SDK/SDKs/current/sdk-core/pebble/aplite/lib/libpebble.a(tmp7jpKUopebble.o)
                0x00000b14                app_timer_register
 .text.fonts_get_system_font
                0x00000b20        0xc /Users/kellyheitz/Library/Application Support/Pebble SDK/SDKs/current/sdk-core/pebble/aplite/lib/libpebble.a(tmp7jpKUopebble.o)
                0x00000b20                fonts_get_system_font
 .text.fonts_load_custom_font
                0x00000b2c        0xc /Users/kellyheitz/Library/Application Support/Pebble SDK/SDKs/current/sdk-core/pebble/aplite/lib/libpebble.a(tmp7jpKUopebble.o)
                0x00000b2c                fonts_load_custom_font
 .text.fonts_unload_custom_font
                0x00000b38        0xc /Users/kellyheitz/Library/Application Support/Pebble SDK/SDKs/current/sdk-core/pebble/aplite/lib/libpebble.a(tmp7jpKUopebble.o)
                0x00000b38                fonts_unload_custom_font
 .text.gbitmap_create_with_resource
                0x00000b44        0xc /Users/kellyheitz/Library/Application Support/Pebble SDK/SDKs/current/sdk-core/pebble/aplite/lib/libpebble.a(tmp7jpKUopebble.o)
                0x00000b44                gbitmap_create_with_resource
 .text.gbitmap_destroy
                0x00000b50        0xc /Users/kellyheitz/Library/Application Support/Pebble SDK/SDKs/current/sdk-core/pebble/aplite/lib/libpebble.a(tmp7jpKUopebble.o)
                0x00000b50                gbitmap_destroy
 .text.graphics_draw_bitmap_in_rect
                0x00000b5c        0xc /Users/kellyheitz/Library/Application Support/Pebble SDK/SDKs/current/sdk-core/pebble/aplite/lib/libpebble.a(tmp7jpKUopebble.o)
                0x00000b5c                graphics_draw_bitmap_in_rect
 .text.graphics_draw_round_rect
                0x00000b68        0xc /Users/kellyheitz/Library/Application Support/Pebble SDK/SDKs/current/sdk-core/pebble/aplite/lib/libpebble.a(tmp7jpKUopebble.o)
                0x00000b68                graphics_draw_round_rect
 .text.graphics_fill_rect
                0x00000b74        0xc /Users/kellyheitz/Library/Application Support/Pebble SDK/SDKs/current/sdk-core/pebble/aplite/lib/libpebble.a(tmp7jpKUopebble.o)
                0x00000b74                graphics_fill_rect
 .text.layer_add_child
                0x00000b80        0xc /Users/kellyheitz/Library/Application Support/Pebble SDK/SDKs/current/sdk-core/pebble/aplite/lib/libpebble.a(tmp7jpKUopebble.o)
                0x00000b80                layer_add_child
 .text.layer_create
                0x00000b8c        0xc /Users/kellyheitz/Library/Application Support/Pebble SDK/SDKs/current/sdk-core/pebble/aplite/lib/libpebble.a(tmp7jpKUopebble.o)
                0x00000b8c                layer_create
 .text.layer_destroy
                0x00000b98        0xc /Users/kellyheitz/Library/Application Support/Pebble SDK/SDKs/current/sdk-core/pebble/aplite/lib/libpebble.a(tmp7jpKUopebble.o)
                0x00000b98                layer_destroy
 .text.layer_get_bounds
                0x00000ba4        0xc /Users/kellyheitz/Library/Application Support/Pebble SDK/SDKs/current/sdk-core/pebble/aplite/lib/libpebble.a(tmp7jpKUopebble.o)
                0x00000ba4                layer_get_bounds
 .text.layer_mark_dirty
                0x00000bb0        0xc /Users/kellyheitz/Library/Application Support/Pebble SDK/SDKs/current/sdk-core/pebble/aplite/lib/libpebble.a(tmp7jpKUopebble.o)
                0x00000bb0                layer_mark_dirty
 .text.layer_set_frame
                0x00000bbc        0xc /Users/kellyheitz/Library/Application Support/Pebble SDK/SDKs/current/sdk-core/pebble/aplite/lib/libpebble.a(tmp7jpKUopebble.o)
                0x00000bbc                layer_set_frame
 .text.layer_set_hidden
                0x00000bc8        0xc /Users/kellyheitz/Library/Application Support/Pebble SDK/SDKs/current/sdk-core/pebble/aplite/lib/libpebble.a(tmp7jpKUopebble.o)
                0x00000bc8                layer_set_hidden
 .text.layer_set_update_proc
                0x00000bd4        0xc /Users/kellyheitz/Library/Application Support/Pebble SDK/SDKs/current/sdk-core/pebble/aplite/lib/libpebble.a(tmp7jpKUopebble.o)
                0x00000bd4                layer_set_update_proc
 .text.resource_get_handle
                0x00000be0        0xc /Users/kellyheitz/Library/Application Support/Pebble SDK/SDKs/current/sdk-core/pebble/aplite/lib/libpebble.a(tmp7jpKUopebble.o)
                0x00000be0                resource_get_handle
 .text.resource_load_byte_range
                0x00000bec        0xc /Users/kellyheitz/Library/Application Support/Pebble SDK/SDKs/current/sdk-core/pebble/aplite/lib/libpebble.a(tmp7jpKUopebble.o)
                0x00000bec                resource_load_byte_range
 .text.resource_size
                0x00000bf8        0xc /Users/kellyheitz/Library/Application Support/Pebble SDK/SDKs/current/sdk-core/pebble/aplite/lib/libpebble.a(tmp7jpKUopebble.o)
                0x00000bf8                resource_size
 .text.scroll_layer_add_child
                0x00000c04        0xc /Users/kellyheitz/Library/Application Support/Pebble SDK/SDKs/current/sdk-core/pebble/aplite/lib/libpebble.a(tmp7jpKUopebble.o)
                0x00000c04                scroll_layer_add_child
 .text.scroll_layer_create
                0x00000c10        0xc /Users/kellyheitz/Library/Application Support/Pebble SDK/SDKs/current/sdk-core/pebble/aplite/lib/libpebble.a(tmp7jpKUopebble.o)
                0x00000c10                scroll_layer_create
 .text.scroll_layer_destroy
                0x00000c1c        0xc /Users/kellyheitz/Library/Application Support/Pebble SDK/SDKs/current/sdk-core/pebble/aplite/lib/libpebble.a(tmp7jpKUopebble.o)
                0x00000c1c                scroll_layer_destroy
 .text.scroll_layer_get_content_offset
                0x00000c28        0xc /Users/kellyheitz/Library/Application Support/Pebble SDK/SDKs/current/sdk-core/pebble/aplite/lib/libpebble.a(tmp7jpKUopebble.o)
                0x00000c28                scroll_layer_get_content_offset
 .text.scroll_layer_get_layer
                0x00000c34        0xc /Users/kellyheitz/Library/Application Support/Pebble SDK/SDKs/current/sdk-core/pebble/aplite/lib/libpebble.a(tmp7jpKUopebble.o)
                0x00000c34                scroll_layer_get_layer
 .text.scroll_layer_set_content_offset
                0x00000c40        0xc /Users/kellyheitz/Library/Application Support/Pebble SDK/SDKs/current/sdk-core/pebble/aplite/lib/libpebble.a(tmp7jpKUopebble.o)
                0x00000c40                scroll_layer_set_content_offset
 .text.scroll_layer_set_content_size
                0x00000c4c        0xc /Users/kellyheitz/Library/Application Support/Pebble SDK/SDKs/current/sdk-core/pebble/aplite/lib/libpebble.a(tmp7jpKUopebble.o)
                0x00000c4c                scroll_layer_set_content_size
 .text.scroll_layer_set_shadow_hidden
                0x00000c58        0xc /Users/kellyheitz/Library/Application Support/Pebble SDK/SDKs/current/sdk-core/pebble/aplite/lib/libpebble.a(tmp7jpKUopebble.o)
                0x00000c58                scroll_layer_set_shadow_hidden
 .text.snprintf
                0x00000c64        0xc /Users/kellyheitz/Library/Application Support/Pebble SDK/SDKs/current/sdk-core/pebble/aplite/lib/libpebble.a(tmp7jpKUopebble.o)
                0x00000c64                snprintf
 .text.strftime
                0x00000c70        0xc /Users/kellyheitz/Library/Application Support/Pebble SDK/SDKs/current/sdk-core/pebble/aplite/lib/libpebble.a(tmp7jpKUopebble.o)
                0x00000c70                strftime
 .text.tick_timer_service_subscribe
                0x00000c7c        0xc /Users/kellyheitz/Library/Application Support/Pebble SDK/SDKs/current/sdk-core/pebble/aplite/lib/libpebble.a(tmp7jpKUopebble.o)
                0x00000c7c                tick_timer_service_subscribe
 .text.tick_timer_service_unsubscribe
                0x00000c88        0xc /Users/kellyheitz/Library/Application Support/Pebble SDK/SDKs/current/sdk-core/pebble/aplite/lib/libpebble.a(tmp7jpKUopebble.o)
                0x00000c88                tick_timer_service_unsubscribe
 .text.window_create
                0x00000c94        0xc /Users/kellyheitz/Library/Application Support/Pebble SDK/SDKs/current/sdk-core/pebble/aplite/lib/libpebble.a(tmp7jpKUopebble.o)
                0x00000c94                window_create
 .text.window_destroy
                0x00000ca0        0xc /Users/kellyheitz/Library/Application Support/Pebble SDK/SDKs/current/sdk-core/pebble/aplite/lib/libpebble.a(tmp7jpKUopebble.o)
                0x00000ca0                window_destroy
 .text.window_get_root_layer
                0x00000cac        0xc /Users/kellyheitz/Library/Application Support/Pebble SDK/SDKs/current/sdk-core/pebble/aplite/lib/libpebble.a(tmp7jpKUopebble.o)
                0x00000cac                window_get_root_layer
 .text.window_set_window_handlers
                0x00000cb8        0xc /Users/kellyheitz/Library/Application Support/Pebble SDK/SDKs/current/sdk-core/pebble/aplite/lib/libpebble.a(tmp7jpKUopebble.o)
                0x00000cb8                window_set_window_handlers
 .text.window_stack_push
                0x00000cc4        0xc /Users/kellyheitz/Library/Application Support/Pebble SDK/SDKs/current/sdk-core/pebble/aplite/lib/libpebble.a(tmp7jpKUopebble.o)
                0x00000cc4                window_stack_push
 .text.graphics_draw_text
                0x00000cd0        0xc /Users/kellyheitz/Library/Application Support/Pebble SDK/SDKs/current/sdk-core/pebble/aplite/lib/libpebble.a(tmp7jpKUopebble.o)
                0x00000cd0                graphics_draw_text
 .text.graphics_text_layout_get_content_size
                0x00000cdc        0xc /Users/kellyheitz/Library/Application Support/Pebble SDK/SDKs/current/sdk-core/pebble/aplite/lib/libpebble.a(tmp7jpKUopebble.o)
                0x00000cdc                graphics_text_layout_get_content_size
 .text.graphics_context_set_fill_color
                0x00000ce8        0xc /Users/kellyheitz/Library/Application Support/Pebble SDK/SDKs/current/sdk-core/pebble/aplite/lib/libpebble.a(tmp7jpKUopebble.o)
                0x00000ce8                graphics_context_set_fill_color
 .text.graphics_context_set_stroke_color
                0x00000cf4        0xc /Users/kellyheitz/Library/Application Support/Pebble SDK/SDKs/current/sdk-core/pebble/aplite/lib/libpebble.a(tmp7jpKUopebble.o)
                0x00000cf4                graphics_context_set_stroke_color
 .text.graphics_context_set_text_color
                0x00000d00        0xc /Users/kellyheitz/Library/Application Support/Pebble SDK/SDKs/current/sdk-core/pebble/aplite/lib/libpebble.a(tmp7jpKUopebble.o)
                0x00000d00                graphics_context_set_text_color
 .text.localtime
                0x00000d0c        0xc /Users/kellyheitz/Library/Application Support/Pebble SDK/SDKs/current/sdk-core/pebble/aplite/lib/libpebble.a(tmp7jpKUopebble.o)
                0x00000d0c                localtime
 .text.graphics_context_set_stroke_width
                0x00000d18        0xc /Users/kellyheitz/Library/Application Support/Pebble SDK/SDKs/current/sdk-core/pebble/aplite/lib/libpebble.a(tmp7jpKUopebble.o)
                0x00000d18                graphics_context_set_stroke_width
 .text.text_layer_create
                0x00000d24        0xc /Users/kellyheitz/Library/Application Support/Pebble SDK/SDKs/current/sdk-core/pebble/aplite/lib/libpebble.a(tmp7jpKUopebble.o)
                0x00000d24                text_layer_create
 .text.text_layer_destroy
                0x00000d30        0xc /Users/kellyheitz/Library/Application Support/Pebble SDK/SDKs/current/sdk-core/pebble/aplite/lib/libpebble.a(tmp7jpKUopebble.o)
                0x00000d30                text_layer_destroy
 .text.text_layer_get_layer
                0x00000d3c        0xc /Users/kellyheitz/Library/Application Support/Pebble SDK/SDKs/current/sdk-core/pebble/aplite/lib/libpebble.a(tmp7jpKUopebble.o)
                0x00000d3c                text_layer_get_layer
 .text.text_layer_set_background_color
                0x00000d48        0xc /Users/kellyheitz/Library/Application Support/Pebble SDK/SDKs/current/sdk-core/pebble/aplite/lib/libpebble.a(tmp7jpKUopebble.o)
                0x00000d48                text_layer_set_background_color
 .text.text_layer_set_font
                0x00000d54        0xc /Users/kellyheitz/Library/Application Support/Pebble SDK/SDKs/current/sdk-core/pebble/aplite/lib/libpebble.a(tmp7jpKUopebble.o)
                0x00000d54                text_layer_set_font
 .text.text_layer_set_text
                0x00000d60        0xc /Users/kellyheitz/Library/Application Support/Pebble SDK/SDKs/current/sdk-core/pebble/aplite/lib/libpebble.a(tmp7jpKUopebble.o)
                0x00000d60                text_layer_set_text
 .text.text_layer_set_text_alignment
                0x00000d6c        0xc /Users/kellyheitz/Library/Application Support/Pebble SDK/SDKs/current/sdk-core/pebble/aplite/lib/libpebble.a(tmp7jpKUopebble.o)
                0x00000d6c                text_layer_set_text_alignment
 .text.text_layer_set_text_color
                0x00000d78        0xc /Users/kellyheitz/Library/Application Support/Pebble SDK/SDKs/current/sdk-core/pebble/aplite/lib/libpebble.a(tmp7jpKUopebble.o)
                0x00000d78                text_layer_set_text_color
 .text.time     0x00000d84        0xc /Users/kellyheitz/Library/Application Support/Pebble SDK/SDKs/current/sdk-core/pebble/aplite/lib/libpebble.a(tmp7jpKUopebble.o)
                0x00000d84                time
 .text.grect_inset
                0x00000d90        0xc /Users/kellyheitz/Library/Application Support/Pebble SDK/SDKs/current/sdk-core/pebble/aplite/lib/libpebble.a(tmp7jpKUopebble.o)
                0x00000d90                grect_inset
 *(.rodata)
 *(.rodata*)
 .rodata.refresh_cover_data.str1.1
                0x00000d9c       0x5d src/c/literary-watch.c.57.o
                                  0x9 (size before relaxing)
 .rodata.reveal_quote.str1.1
                0x00000df9       0x25 src/c/literary-watch.c.57.o
 .rodata.main.str1.1
                0x00000df9       0x2f src/c/literary-watch.c.57.o
 *fill*         0x00000df9        0x1 
 .rodata.offsets.0
                0x00000dfa       0x10 src/c/literary-watch.c.57.o
 .rodata.CSWTCH.6
                0x00000e0a       0x10 src/c/sky.c.57.o

.glue_7         0x00000e1c        0x0
 .glue_7        0x00000e1c        0x0 linker stubs

.glue_7t        0x00000e1c        0x0
 .glue_7t       0x00000e1c        0x0 linker stubs

.vfp11_veneer   0x00000e1c        0x0
 .vfp11_veneer  0x00000e1c        0x0 linker stubs

.v4_bx          0x00000e1c        0x0
 .v4_bx         0x00000e1c        0x0 linker stubs

.init           0x00000e1c        0x4
 .init          0x00000e1c        0x4 /Users/kellyheitz/Library/Application Support/Pebble SDK/SDKs/4.9.169/toolchain/arm-none-eabi/bin/../lib/gcc/arm-none-eabi/14.2.1/thumb/v7-m/nofp/crti.o
                0x00000e1c                _init

.fini           0x00000e20        0x4
 .fini          0x00000e20        0x4 /Users/kellyheitz/Library/Application Support/Pebble SDK/SDKs/4.9.169/toolchain/arm-none-eabi/bin/../lib/gcc/arm-none-eabi/14.2.1/thumb/v7-m/nofp/crti.o
                0x00000e20                _fini

.iplt           0x00000e24        0x0
 .iplt          0x00000e24        0x0 src/c/literary-watch.c.57.o

.rel.dyn        0x00000e24        0x0
 .rel.iplt      0x00000e24        0x0 src/c/literary-watch.c.57.o

.data           0x00000e24        0x0
 *(.data)
 .data          0x00000e24        0x0 /Users/kellyheitz/Library/Application Support/Pebble SDK/SDKs/4.9.169/toolchain/arm-none-eabi/bin/../lib/gcc/arm-none-eabi/14.2.1/thumb/v7-m/nofp/crti.o
 .data          0x00000e24        0x0 /Users/kellyheitz/Library/Application Support/Pebble SDK/SDKs/4.9.169/toolchain/arm-none-eabi/bin/../lib/gcc/arm-none-eabi/14.2.1/thumb/v7-m/nofp/crtbegin.o
 .data          0x00000e24        0x0 /Users/kellyheitz/Library/Application Support/Pebble SDK/SDKs/4.9.169/toolchain/arm-none-eabi/bin/../lib/gcc/arm-none-eabi/14.2.1/../../../../arm-none-eabi/lib/thumb/v7-m/nofp/crt0.o
 .data          0x00000e24        0x0 src/c/literary-watch.c.57.o
 .data          0x00000e24        0x0 src/c/quotes.c.57.o
 .data          0x00000e24        0x0 src/c/sky.c.57.o
 .data          0x00000e24        0x0 aplite/appinfo.auto.c.57.o
 .data          0x00000e24        0x0 aplite/src/resource_ids.auto.c.57.o
 .data          0x00000e24        0x0 src/message_keys.auto.c.57.o
 .data          0x00000e24        0x0 /Users/kellyheitz/Library/Application Support/Pebble SDK/SDKs/current/sdk-core/pebble/aplite/lib/libpebble.a(tmp7jpKUopebble.o)
 .data          0x00000e24        0x0 /Users/kellyheitz/Library/Application Support/Pebble SDK/SDKs/4.9.169/toolchain/arm-none-eabi/bin/../lib/gcc/arm-none-eabi/14.2.1/../../../../arm-none-eabi/lib/thumb/v7-m/nofp/libc.a(libc_a-atexit.o)
 .data          0x00000e24        0x0 /Users/kellyheitz/Library/Application Support/Pebble SDK/SDKs/4.9.169/toolchain/arm-none-eabi/bin/../lib/gcc/arm-none-eabi/14.2.1/../../../../arm-none-eabi/lib/thumb/v7-m/nofp/libc.a(libc_a-exit.o)
 .data          0x00000e24        0x0 /Users/kellyheitz/Library/Application Support/Pebble SDK/SDKs/4.9.169/toolchain/arm-none-eabi/bin/../lib/gcc/arm-none-eabi/14.2.1/../../../../arm-none-eabi/lib/thumb/v7-m/nofp/libc.a(libc_a-findfp.o)
 .data          0x00000e24        0x0 /Users/kellyheitz/Library/Application Support/Pebble SDK/SDKs/4.9.169/toolchain/arm-none-eabi/bin/../lib/gcc/arm-none-eabi/14.2.1/../../../../arm-none-eabi/lib/thumb/v7-m/nofp/libc.a(libc_a-impure.o)
 .data          0x00000e24        0x0 /Users/kellyheitz/Library/Application Support/Pebble SDK/SDKs/4.9.169/toolchain/arm-none-eabi/bin/../lib/gcc/arm-none-eabi/14.2.1/../../../../arm-none-eabi/lib/thumb/v7-m/nofp/libc.a(libc_a-init.o)
 .data          0x00000e24        0x0 /Users/kellyheitz/Library/Application Support/Pebble SDK/SDKs/4.9.169/toolchain/arm-none-eabi/bin/../lib/gcc/arm-none-eabi/14.2.1/../../../../arm-none-eabi/lib/thumb/v7-m/nofp/libc.a(libc_a-fini.o)
 .data          0x00000e24        0x0 /Users/kellyheitz/Library/Application Support/Pebble SDK/SDKs/4.9.169/toolchain/arm-none-eabi/bin/../lib/gcc/arm-none-eabi/14.2.1/../../../../arm-none-eabi/lib/thumb/v7-m/nofp/libc.a(libc_a-lock.o)
 .data          0x00000e24        0x0 /Users/kellyheitz/Library/Application Support/Pebble SDK/SDKs/4.9.169/toolchain/arm-none-eabi/bin/../lib/gcc/arm-none-eabi/14.2.1/../../../../arm-none-eabi/lib/thumb/v7-m/nofp/libc.a(libc_a-__atexit.o)
 .data          0x00000e24        0x0 /Users/kellyheitz/Library/Application Support/Pebble SDK/SDKs/4.9.169/toolchain/arm-none-eabi/bin/../lib/gcc/arm-none-eabi/14.2.1/../../../../arm-none-eabi/lib/thumb/v7-m/nofp/libc.a(libc_a-__call_atexit.o)
 .data          0x00000e24        0x0 /Users/kellyheitz/Library/Application Support/Pebble SDK/SDKs/4.9.169/toolchain/arm-none-eabi/bin/../lib/gcc/arm-none-eabi/14.2.1/../../../../arm-none-eabi/lib/thumb/v7-m/nofp/libc.a(libc_a-mallocr.o)
 .data          0x00000e24        0x0 /Users/kellyheitz/Library/Application Support/Pebble SDK/SDKs/4.9.169/toolchain/arm-none-eabi/bin/../lib/gcc/arm-none-eabi/14.2.1/../../../../arm-none-eabi/lib/thumb/v7-m/nofp/libc.a(libc_a-mlock.o)
 .data          0x00000e24        0x0 /Users/kellyheitz/Library/Application Support/Pebble SDK/SDKs/4.9.169/toolchain/arm-none-eabi/bin/../lib/gcc/arm-none-eabi/14.2.1/../../../../arm-none-eabi/lib/thumb/v7-m/nofp/libc.a(libc_a-fwalk.o)
 .data          0x00000e24        0x0 /Users/kellyheitz/Library/Application Support/Pebble SDK/SDKs/4.9.169/toolchain/arm-none-eabi/bin/../lib/gcc/arm-none-eabi/14.2.1/../../../../arm-none-eabi/lib/thumb/v7-m/nofp/libc.a(libc_a-fclose.o)
 .data          0x00000e24        0x0 /Users/kellyheitz/Library/Application Support/Pebble SDK/SDKs/4.9.169/toolchain/arm-none-eabi/bin/../lib/gcc/arm-none-eabi/14.2.1/../../../../arm-none-eabi/lib/thumb/v7-m/nofp/libc.a(libc_a-fflush.o)
 .data          0x00000e24        0x0 /Users/kellyheitz/Library/Application Support/Pebble SDK/SDKs/4.9.169/toolchain/arm-none-eabi/bin/../lib/gcc/arm-none-eabi/14.2.1/../../../../arm-none-eabi/lib/thumb/v7-m/nofp/libc.a(libc_a-stdio.o)
 .data          0x00000e24        0x0 /Users/kellyheitz/Library/Application Support/Pebble SDK/SDKs/4.9.169/toolchain/arm-none-eabi/bin/../lib/gcc/arm-none-eabi/14.2.1/../../../../arm-none-eabi/lib/thumb/v7-m/nofp/libc.a(libc_a-closer.o)
 .data          0x00000e24        0x0 /Users/kellyheitz/Library/Application Support/Pebble SDK/SDKs/4.9.169/toolchain/arm-none-eabi/bin/../lib/gcc/arm-none-eabi/14.2.1/../../../../arm-none-eabi/lib/thumb/v7-m/nofp/libc.a(libc_a-reent.o)
 .data          0x00000e24        0x0 /Users/kellyheitz/Library/Application Support/Pebble SDK/SDKs/4.9.169/toolchain/arm-none-eabi/bin/../lib/gcc/arm-none-eabi/14.2.1/../../../../arm-none-eabi/lib/thumb/v7-m/nofp/libc.a(libc_a-lseekr.o)
 .data          0x00000e24        0x0 /Users/kellyheitz/Library/Application Support/Pebble SDK/SDKs/4.9.169/toolchain/arm-none-eabi/bin/../lib/gcc/arm-none-eabi/14.2.1/../../../../arm-none-eabi/lib/thumb/v7-m/nofp/libc.a(libc_a-readr.o)
 .data          0x00000e24        0x0 /Users/kellyheitz/Library/Application Support/Pebble SDK/SDKs/4.9.169/toolchain/arm-none-eabi/bin/../lib/gcc/arm-none-eabi/14.2.1/../../../../arm-none-eabi/lib/thumb/v7-m/nofp/libc.a(libc_a-sbrkr.o)
 .data          0x00000e24        0x0 /Users/kellyheitz/Library/Application Support/Pebble SDK/SDKs/4.9.169/toolchain/arm-none-eabi/bin/../lib/gcc/arm-none-eabi/14.2.1/../../../../arm-none-eabi/lib/thumb/v7-m/nofp/libc.a(libc_a-writer.o)
 .data          0x00000e24        0x0 /Users/kellyheitz/Library/Application Support/Pebble SDK/SDKs/4.9.169/toolchain/arm-none-eabi/bin/../lib/gcc/arm-none-eabi/14.2.1/../../../../arm-none-eabi/lib/thumb/v7-m/nofp/libc.a(libc_a-sysconf.o)
 .data          0x00000e24        0x0 /Users/kellyheitz/Library/Application Support/Pebble SDK/SDKs/4.9.169/toolchain/arm-none-eabi/bin/../lib/gcc/arm-none-eabi/14.2.1/../../../../arm-none-eabi/lib/thumb/v7-m/nofp/libc.a(libc_a-freer.o)
 .data          0x00000e24        0x0 /Users/kellyheitz/Library/Application Support/Pebble SDK/SDKs/4.9.169/toolchain/arm-none-eabi/bin/../lib/gcc/arm-none-eabi/14.2.1/../../../../arm-none-eabi/lib/thumb/v7-m/nofp/libc.a(libc_a-errno.o)
 .data          0x00000e24        0x0 /Users/kellyheitz/Library/Application Support/Pebble SDK/SDKs/4.9.169/toolchain/arm-none-eabi/bin/../lib/gcc/arm-none-eabi/14.2.1/thumb/v7-m/nofp/crtend.o
 .data          0x00000e24        0x0 /Users/kellyheitz/Library/Application Support/Pebble SDK/SDKs/4.9.169/toolchain/arm-none-eabi/bin/../lib/gcc/arm-none-eabi/14.2.1/thumb/v7-m/nofp/crtn.o
 *(.data.*)

.igot.plt       0x00000e24        0x0
 .igot.plt      0x00000e24        0x0 src/c/literary-watch.c.57.o

.bss            0x00000e24      0x9ec
 *(.bss)
 *(.bss.*)
 .bss.s_display
                0x00000e24      0x230 src/c/literary-watch.c.57.o
 .bss.s_quote   0x00001054      0x220 src/c/literary-watch.c.57.o
 .bss.s_page_h  0x00001274        0x4 src/c/literary-watch.c.57.o
 .bss.s_content_h
                0x00001278        0x4 src/c/literary-watch.c.57.o
 .bss.s_scroll_timer
                0x0000127c        0x4 src/c/literary-watch.c.57.o
 .bss.s_fade_timer
                0x00001280        0x4 src/c/literary-watch.c.57.o
 .bss.s_variant
                0x00001284        0x4 src/c/literary-watch.c.57.o
 .bss.s_day     0x00001288        0x4 src/c/literary-watch.c.57.o
 .bss.s_slot    0x0000128c        0x4 src/c/literary-watch.c.57.o
 .bss.s_band    0x00001290        0x1 src/c/literary-watch.c.57.o
 .bss.s_state   0x00001291        0x1 src/c/literary-watch.c.57.o
 .bss.s_cover_stats
                0x00001292       0x30 src/c/literary-watch.c.57.o
 .bss.s_cover_date
                0x000012c2       0x18 src/c/literary-watch.c.57.o
 .bss.s_cover_title
                0x000012da       0x10 src/c/literary-watch.c.57.o
 *fill*         0x000012ea        0x2 
 .bss.s_cover_body_font
                0x000012ec        0x4 src/c/literary-watch.c.57.o
 .bss.s_cover_title_font
                0x000012f0        0x4 src/c/literary-watch.c.57.o
 .bss.s_sky_bitmap
                0x000012f4        0x4 src/c/literary-watch.c.57.o
 .bss.s_quote_layer
                0x000012f8        0x4 src/c/literary-watch.c.57.o
 .bss.s_scroll  0x000012fc        0x4 src/c/literary-watch.c.57.o
 .bss.s_bg_layer
                0x00001300        0x4 src/c/literary-watch.c.57.o
 .bss.s_window  0x00001304        0x4 src/c/literary-watch.c.57.o
 .bss.buf.0     0x00001308      0x500 src/c/quotes.c.57.o
 .bss.s_records_total
                0x00001808        0x4 src/c/quotes.c.57.o
 .bss.s_handle  0x0000180c        0x4 src/c/quotes.c.57.o

DISCARD
 libc.a(*)
 libm.a(*)
 libgcc.a(*)
 *(.eh_frame)
OUTPUT(/Users/kellyheitz/Projects/literary-watch/build/aplite/pebble-app.elf elf32-littlearm)
LOAD linker stubs
LOAD /Users/kellyheitz/Library/Application Support/Pebble SDK/SDKs/4.9.169/toolchain/arm-none-eabi/bin/../lib/gcc/arm-none-eabi/14.2.1/../../../../arm-none-eabi/lib/thumb/v7-m/nofp/libc.a
LOAD /Users/kellyheitz/Library/Application Support/Pebble SDK/SDKs/4.9.169/toolchain/arm-none-eabi/bin/../lib/gcc/arm-none-eabi/14.2.1/../../../../arm-none-eabi/lib/thumb/v7-m/nofp/libm.a
LOAD /Users/kellyheitz/Library/Application Support/Pebble SDK/SDKs/4.9.169/toolchain/arm-none-eabi/bin/../lib/gcc/arm-none-eabi/14.2.1/thumb/v7-m/nofp/libgcc.a

.ARM.attributes
                0x00000000       0x29
 .ARM.attributes
                0x00000000       0x1d /Users/kellyheitz/Library/Application Support/Pebble SDK/SDKs/4.9.169/toolchain/arm-none-eabi/bin/../lib/gcc/arm-none-eabi/14.2.1/thumb/v7-m/nofp/crti.o
 .ARM.attributes
                0x0000001d       0x2d /Users/kellyheitz/Library/Application Support/Pebble SDK/SDKs/4.9.169/toolchain/arm-none-eabi/bin/../lib/gcc/arm-none-eabi/14.2.1/thumb/v7-m/nofp/crtbegin.o
 .ARM.attributes
                0x0000004a       0x1b /Users/kellyheitz/Library/Application Support/Pebble SDK/SDKs/4.9.169/toolchain/arm-none-eabi/bin/../lib/gcc/arm-none-eabi/14.2.1/../../../../arm-none-eabi/lib/thumb/v7-m/nofp/crt0.o
 .ARM.attributes
                0x00000065       0x2d src/c/literary-watch.c.57.o
 .ARM.attributes
                0x00000092       0x2d src/c/quotes.c.57.o
 .ARM.attributes
                0x000000bf       0x2d src/c/sky.c.57.o
 .ARM.attributes
                0x000000ec       0x2d aplite/appinfo.auto.c.57.o
 .ARM.attributes
                0x00000119       0x2d aplite/src/resource_ids.auto.c.57.o
 .ARM.attributes
                0x00000146       0x2d src/message_keys.auto.c.57.o
 .ARM.attributes
                0x00000173       0x21 /Users/kellyheitz/Library/Application Support/Pebble SDK/SDKs/current/sdk-core/pebble/aplite/lib/libpebble.a(tmp7jpKUopebble.o)
 .ARM.attributes
                0x00000194       0x2d /Users/kellyheitz/Library/Application Support/Pebble SDK/SDKs/4.9.169/toolchain/arm-none-eabi/bin/../lib/gcc/arm-none-eabi/14.2.1/../../../../arm-none-eabi/lib/thumb/v7-m/nofp/libc.a(libc_a-atexit.o)
 .ARM.attributes
                0x000001c1       0x2d /Users/kellyheitz/Library/Application Support/Pebble SDK/SDKs/4.9.169/toolchain/arm-none-eabi/bin/../lib/gcc/arm-none-eabi/14.2.1/../../../../arm-none-eabi/lib/thumb/v7-m/nofp/libc.a(libc_a-exit.o)
 .ARM.attributes
                0x000001ee       0x2d /Users/kellyheitz/Library/Application Support/Pebble SDK/SDKs/4.9.169/toolchain/arm-none-eabi/bin/../lib/gcc/arm-none-eabi/14.2.1/../../../../arm-none-eabi/lib/thumb/v7-m/nofp/libc.a(libc_a-findfp.o)
 .ARM.attributes
                0x0000021b       0x2d /Users/kellyheitz/Library/Application Support/Pebble SDK/SDKs/4.9.169/toolchain/arm-none-eabi/bin/../lib/gcc/arm-none-eabi/14.2.1/../../../../arm-none-eabi/lib/thumb/v7-m/nofp/libc.a(libc_a-impure.o)
 .ARM.attributes
                0x00000248       0x2d /Users/kellyheitz/Library/Application Support/Pebble SDK/SDKs/4.9.169/toolchain/arm-none-eabi/bin/../lib/gcc/arm-none-eabi/14.2.1/../../../../arm-none-eabi/lib/thumb/v7-m/nofp/libc.a(libc_a-init.o)
 .ARM.attributes
                0x00000275       0x2d /Users/kellyheitz/Library/Application Support/Pebble SDK/SDKs/4.9.169/toolchain/arm-none-eabi/bin/../lib/gcc/arm-none-eabi/14.2.1/../../../../arm-none-eabi/lib/thumb/v7-m/nofp/libc.a(libc_a-fini.o)
 .ARM.attributes
                0x000002a2       0x2d /Users/kellyheitz/Library/Application Support/Pebble SDK/SDKs/4.9.169/toolchain/arm-none-eabi/bin/../lib/gcc/arm-none-eabi/14.2.1/../../../../arm-none-eabi/lib/thumb/v7-m/nofp/libc.a(libc_a-lock.o)
 .ARM.attributes
                0x000002cf       0x2d /Users/kellyheitz/Library/Application Support/Pebble SDK/SDKs/4.9.169/toolchain/arm-none-eabi/bin/../lib/gcc/arm-none-eabi/14.2.1/../../../../arm-none-eabi/lib/thumb/v7-m/nofp/libc.a(libc_a-__atexit.o)
 .ARM.attributes
                0x000002fc       0x2d /Users/kellyheitz/Library/Application Support/Pebble SDK/SDKs/4.9.169/toolchain/arm-none-eabi/bin/../lib/gcc/arm-none-eabi/14.2.1/../../../../arm-none-eabi/lib/thumb/v7-m/nofp/libc.a(libc_a-__call_atexit.o)
 .ARM.attributes
                0x00000329       0x2d /Users/kellyheitz/Library/Application Support/Pebble SDK/SDKs/4.9.169/toolchain/arm-none-eabi/bin/../lib/gcc/arm-none-eabi/14.2.1/../../../../arm-none-eabi/lib/thumb/v7-m/nofp/libc.a(libc_a-mallocr.o)
 .ARM.attributes
                0x00000356       0x2d /Users/kellyheitz/Library/Application Support/Pebble SDK/SDKs/4.9.169/toolchain/arm-none-eabi/bin/../lib/gcc/arm-none-eabi/14.2.1/../../../../arm-none-eabi/lib/thumb/v7-m/nofp/libc.a(libc_a-mlock.o)
 .ARM.attributes
                0x00000383       0x2d /Users/kellyheitz/Library/Application Support/Pebble SDK/SDKs/4.9.169/toolchain/arm-none-eabi/bin/../lib/gcc/arm-none-eabi/14.2.1/../../../../arm-none-eabi/lib/thumb/v7-m/nofp/libc.a(libc_a-fwalk.o)
 .ARM.attributes
                0x000003b0       0x2d /Users/kellyheitz/Library/Application Support/Pebble SDK/SDKs/4.9.169/toolchain/arm-none-eabi/bin/../lib/gcc/arm-none-eabi/14.2.1/../../../../arm-none-eabi/lib/thumb/v7-m/nofp/libc.a(libc_a-fclose.o)
 .ARM.attributes
                0x000003dd       0x2d /Users/kellyheitz/Library/Application Support/Pebble SDK/SDKs/4.9.169/toolchain/arm-none-eabi/bin/../lib/gcc/arm-none-eabi/14.2.1/../../../../arm-none-eabi/lib/thumb/v7-m/nofp/libc.a(libc_a-fflush.o)
 .ARM.attributes
                0x0000040a       0x2d /Users/kellyheitz/Library/Application Support/Pebble SDK/SDKs/4.9.169/toolchain/arm-none-eabi/bin/../lib/gcc/arm-none-eabi/14.2.1/../../../../arm-none-eabi/lib/thumb/v7-m/nofp/libc.a(libc_a-stdio.o)
 .ARM.attributes
                0x00000437       0x2d /Users/kellyheitz/Library/Application Support/Pebble SDK/SDKs/4.9.169/toolchain/arm-none-eabi/bin/../lib/gcc/arm-none-eabi/14.2.1/../../../../arm-none-eabi/lib/thumb/v7-m/nofp/libc.a(libc_a-closer.o)
 .ARM.attributes
                0x00000464       0x2d /Users/kellyheitz/Library/Application Support/Pebble SDK/SDKs/4.9.169/toolchain/arm-none-eabi/bin/../lib/gcc/arm-none-eabi/14.2.1/../../../../arm-none-eabi/lib/thumb/v7-m/nofp/libc.a(libc_a-reent.o)
 .ARM.attributes
                0x00000491       0x2d /Users/kellyheitz/Library/Application Support/Pebble SDK/SDKs/4.9.169/toolchain/arm-none-eabi/bin/../lib/gcc/arm-none-eabi/14.2.1/../../../../arm-none-eabi/lib/thumb/v7-m/nofp/libc.a(libc_a-lseekr.o)
 .ARM.attributes
                0x000004be       0x2d /Users/kellyheitz/Library/Application Support/Pebble SDK/SDKs/4.9.169/toolchain/arm-none-eabi/bin/../lib/gcc/arm-none-eabi/14.2.1/../../../../arm-none-eabi/lib/thumb/v7-m/nofp/libc.a(libc_a-readr.o)
 .ARM.attributes
                0x000004eb       0x2d /Users/kellyheitz/Library/Application Support/Pebble SDK/SDKs/4.9.169/toolchain/arm-none-eabi/bin/../lib/gcc/arm-none-eabi/14.2.1/../../../../arm-none-eabi/lib/thumb/v7-m/nofp/libc.a(libc_a-sbrkr.o)
 .ARM.attributes
                0x00000518       0x2d /Users/kellyheitz/Library/Application Support/Pebble SDK/SDKs/4.9.169/toolchain/arm-none-eabi/bin/../lib/gcc/arm-none-eabi/14.2.1/../../../../arm-none-eabi/lib/thumb/v7-m/nofp/libc.a(libc_a-writer.o)
 .ARM.attributes
                0x00000545       0x2d /Users/kellyheitz/Library/Application Support/Pebble SDK/SDKs/4.9.169/toolchain/arm-none-eabi/bin/../lib/gcc/arm-none-eabi/14.2.1/../../../../arm-none-eabi/lib/thumb/v7-m/nofp/libc.a(libc_a-sysconf.o)
 .ARM.attributes
                0x00000572       0x2d /Users/kellyheitz/Library/Application Support/Pebble SDK/SDKs/4.9.169/toolchain/arm-none-eabi/bin/../lib/gcc/arm-none-eabi/14.2.1/../../../../arm-none-eabi/lib/thumb/v7-m/nofp/libc.a(libc_a-freer.o)
 .ARM.attributes
                0x0000059f       0x2d /Users/kellyheitz/Library/Application Support/Pebble SDK/SDKs/4.9.169/toolchain/arm-none-eabi/bin/../lib/gcc/arm-none-eabi/14.2.1/../../../../arm-none-eabi/lib/thumb/v7-m/nofp/libc.a(libc_a-errno.o)
 .ARM.attributes
                0x000005cc       0x2d /Users/kellyheitz/Library/Application Support/Pebble SDK/SDKs/4.9.169/toolchain/arm-none-eabi/bin/../lib/gcc/arm-none-eabi/14.2.1/thumb/v7-m/nofp/crtend.o
 .ARM.attributes
                0x000005f9       0x1d /Users/kellyheitz/Library/Application Support/Pebble SDK/SDKs/4.9.169/toolchain/arm-none-eabi/bin/../lib/gcc/arm-none-eabi/14.2.1/thumb/v7-m/nofp/crtn.o

.comment        0x00000000       0x38
 .comment       0x00000000       0x38 /Users/kellyheitz/Library/Application Support/Pebble SDK/SDKs/4.9.169/toolchain/arm-none-eabi/bin/../lib/gcc/arm-none-eabi/14.2.1/thumb/v7-m/nofp/crtbegin.o
                                 0x39 (size before relaxing)
 .comment       0x00000038       0x39 src/c/literary-watch.c.57.o
 .comment       0x00000038       0x39 src/c/quotes.c.57.o
 .comment       0x00000038       0x39 src/c/sky.c.57.o
 .comment       0x00000038       0x39 aplite/appinfo.auto.c.57.o
 .comment       0x00000038       0x39 aplite/src/resource_ids.auto.c.57.o
 .comment       0x00000038       0x39 src/message_keys.auto.c.57.o
 .comment       0x00000038       0x39 /Users/kellyheitz/Library/Application Support/Pebble SDK/SDKs/4.9.169/toolchain/arm-none-eabi/bin/../lib/gcc/arm-none-eabi/14.2.1/../../../../arm-none-eabi/lib/thumb/v7-m/nofp/libc.a(libc_a-atexit.o)
 .comment       0x00000038       0x39 /Users/kellyheitz/Library/Application Support/Pebble SDK/SDKs/4.9.169/toolchain/arm-none-eabi/bin/../lib/gcc/arm-none-eabi/14.2.1/../../../../arm-none-eabi/lib/thumb/v7-m/nofp/libc.a(libc_a-exit.o)
 .comment       0x00000038       0x39 /Users/kellyheitz/Library/Application Support/Pebble SDK/SDKs/4.9.169/toolchain/arm-none-eabi/bin/../lib/gcc/arm-none-eabi/14.2.1/../../../../arm-none-eabi/lib/thumb/v7-m/nofp/libc.a(libc_a-findfp.o)
 .comment       0x00000038       0x39 /Users/kellyheitz/Library/Application Support/Pebble SDK/SDKs/4.9.169/toolchain/arm-none-eabi/bin/../lib/gcc/arm-none-eabi/14.2.1/../../../../arm-none-eabi/lib/thumb/v7-m/nofp/libc.a(libc_a-impure.o)
 .comment       0x00000038       0x39 /Users/kellyheitz/Library/Application Support/Pebble SDK/SDKs/4.9.169/toolchain/arm-none-eabi/bin/../lib/gcc/arm-none-eabi/14.2.1/../../../../arm-none-eabi/lib/thumb/v7-m/nofp/libc.a(libc_a-init.o)
 .comment       0x00000038       0x39 /Users/kellyheitz/Library/Application Support/Pebble SDK/SDKs/4.9.169/toolchain/arm-none-eabi/bin/../lib/gcc/arm-none-eabi/14.2.1/../../../../arm-none-eabi/lib/thumb/v7-m/nofp/libc.a(libc_a-fini.o)
 .comment       0x00000038       0x39 /Users/kellyheitz/Library/Application Support/Pebble SDK/SDKs/4.9.169/toolchain/arm-none-eabi/bin/../lib/gcc/arm-none-eabi/14.2.1/../../../../arm-none-eabi/lib/thumb/v7-m/nofp/libc.a(libc_a-lock.o)
 .comment       0x00000038       0x39 /Users/kellyheitz/Library/Application Support/Pebble SDK/SDKs/4.9.169/toolchain/arm-none-eabi/bin/../lib/gcc/arm-none-eabi/14.2.1/../../../../arm-none-eabi/lib/thumb/v7-m/nofp/libc.a(libc_a-__atexit.o)
 .comment       0x00000038       0x39 /Users/kellyheitz/Library/Application Support/Pebble SDK/SDKs/4.9.169/toolchain/arm-none-eabi/bin/../lib/gcc/arm-none-eabi/14.2.1/../../../../arm-none-eabi/lib/thumb/v7-m/nofp/libc.a(libc_a-__call_atexit.o)
 .comment       0x00000038       0x39 /Users/kellyheitz/Library/Application Support/Pebble SDK/SDKs/4.9.169/toolchain/arm-none-eabi/bin/../lib/gcc/arm-none-eabi/14.2.1/../../../../arm-none-eabi/lib/thumb/v7-m/nofp/libc.a(libc_a-mallocr.o)
 .comment       0x00000038       0x39 /Users/kellyheitz/Library/Application Support/Pebble SDK/SDKs/4.9.169/toolchain/arm-none-eabi/bin/../lib/gcc/arm-none-eabi/14.2.1/../../../../arm-none-eabi/lib/thumb/v7-m/nofp/libc.a(libc_a-mlock.o)
 .comment       0x00000038       0x39 /Users/kellyheitz/Library/Application Support/Pebble SDK/SDKs/4.9.169/toolchain/arm-none-eabi/bin/../lib/gcc/arm-none-eabi/14.2.1/../../../../arm-none-eabi/lib/thumb/v7-m/nofp/libc.a(libc_a-fwalk.o)
 .comment       0x00000038       0x39 /Users/kellyheitz/Library/Application Support/Pebble SDK/SDKs/4.9.169/toolchain/arm-none-eabi/bin/../lib/gcc/arm-none-eabi/14.2.1/../../../../arm-none-eabi/lib/thumb/v7-m/nofp/libc.a(libc_a-fclose.o)
 .comment       0x00000038       0x39 /Users/kellyheitz/Library/Application Support/Pebble SDK/SDKs/4.9.169/toolchain/arm-none-eabi/bin/../lib/gcc/arm-none-eabi/14.2.1/../../../../arm-none-eabi/lib/thumb/v7-m/nofp/libc.a(libc_a-fflush.o)
 .comment       0x00000038       0x39 /Users/kellyheitz/Library/Application Support/Pebble SDK/SDKs/4.9.169/toolchain/arm-none-eabi/bin/../lib/gcc/arm-none-eabi/14.2.1/../../../../arm-none-eabi/lib/thumb/v7-m/nofp/libc.a(libc_a-stdio.o)
 .comment       0x00000038       0x39 /Users/kellyheitz/Library/Application Support/Pebble SDK/SDKs/4.9.169/toolchain/arm-none-eabi/bin/../lib/gcc/arm-none-eabi/14.2.1/../../../../arm-none-eabi/lib/thumb/v7-m/nofp/libc.a(libc_a-closer.o)
 .comment       0x00000038       0x39 /Users/kellyheitz/Library/Application Support/Pebble SDK/SDKs/4.9.169/toolchain/arm-none-eabi/bin/../lib/gcc/arm-none-eabi/14.2.1/../../../../arm-none-eabi/lib/thumb/v7-m/nofp/libc.a(libc_a-reent.o)
 .comment       0x00000038       0x39 /Users/kellyheitz/Library/Application Support/Pebble SDK/SDKs/4.9.169/toolchain/arm-none-eabi/bin/../lib/gcc/arm-none-eabi/14.2.1/../../../../arm-none-eabi/lib/thumb/v7-m/nofp/libc.a(libc_a-lseekr.o)
 .comment       0x00000038       0x39 /Users/kellyheitz/Library/Application Support/Pebble SDK/SDKs/4.9.169/toolchain/arm-none-eabi/bin/../lib/gcc/arm-none-eabi/14.2.1/../../../../arm-none-eabi/lib/thumb/v7-m/nofp/libc.a(libc_a-readr.o)
 .comment       0x00000038       0x39 /Users/kellyheitz/Library/Application Support/Pebble SDK/SDKs/4.9.169/toolchain/arm-none-eabi/bin/../lib/gcc/arm-none-eabi/14.2.1/../../../../arm-none-eabi/lib/thumb/v7-m/nofp/libc.a(libc_a-sbrkr.o)
 .comment       0x00000038       0x39 /Users/kellyheitz/Library/Application Support/Pebble SDK/SDKs/4.9.169/toolchain/arm-none-eabi/bin/../lib/gcc/arm-none-eabi/14.2.1/../../../../arm-none-eabi/lib/thumb/v7-m/nofp/libc.a(libc_a-writer.o)
 .comment       0x00000038       0x39 /Users/kellyheitz/Library/Application Support/Pebble SDK/SDKs/4.9.169/toolchain/arm-none-eabi/bin/../lib/gcc/arm-none-eabi/14.2.1/../../../../arm-none-eabi/lib/thumb/v7-m/nofp/libc.a(libc_a-sysconf.o)
 .comment       0x00000038       0x39 /Users/kellyheitz/Library/Application Support/Pebble SDK/SDKs/4.9.169/toolchain/arm-none-eabi/bin/../lib/gcc/arm-none-eabi/14.2.1/../../../../arm-none-eabi/lib/thumb/v7-m/nofp/libc.a(libc_a-freer.o)
 .comment       0x00000038       0x39 /Users/kellyheitz/Library/Application Support/Pebble SDK/SDKs/4.9.169/toolchain/arm-none-eabi/bin/../lib/gcc/arm-none-eabi/14.2.1/../../../../arm-none-eabi/lib/thumb/v7-m/nofp/libc.a(libc_a-errno.o)
 .comment       0x00000038       0x39 /Users/kellyheitz/Library/Application Support/Pebble SDK/SDKs/4.9.169/toolchain/arm-none-eabi/bin/../lib/gcc/arm-none-eabi/14.2.1/thumb/v7-m/nofp/crtend.o

.debug_info     0x00000000     0x28f5
 .debug_info    0x00000000     0x1cb9 src/c/literary-watch.c.57.o
 .debug_info    0x00001cb9      0x632 src/c/quotes.c.57.o
 .debug_info    0x000022eb      0x130 src/c/sky.c.57.o
 .debug_info    0x0000241b      0x33e aplite/appinfo.auto.c.57.o
 .debug_info    0x00002759      0x10d aplite/src/resource_ids.auto.c.57.o
 .debug_info    0x00002866       0x8f src/message_keys.auto.c.57.o

.debug_abbrev   0x00000000      0x9d9
 .debug_abbrev  0x00000000      0x578 src/c/literary-watch.c.57.o
 .debug_abbrev  0x00000578      0x274 src/c/quotes.c.57.o
 .debug_abbrev  0x000007ec       0xa2 src/c/sky.c.57.o
 .debug_abbrev  0x0000088e       0xb9 aplite/appinfo.auto.c.57.o
 .debug_abbrev  0x00000947       0x4a aplite/src/resource_ids.auto.c.57.o
 .debug_abbrev  0x00000991       0x48 src/message_keys.auto.c.57.o

.debug_loclists
                0x00000000      0x696
 .debug_loclists
                0x00000000      0x377 src/c/literary-watch.c.57.o
 .debug_loclists
                0x00000377      0x2d7 src/c/quotes.c.57.o
 .debug_loclists
                0x0000064e       0x48 src/c/sky.c.57.o

.debug_aranges  0x00000000      0x138
 .debug_aranges
                0x00000000       0x90 src/c/literary-watch.c.57.o
 .debug_aranges
                0x00000090       0x38 src/c/quotes.c.57.o
 .debug_aranges
                0x000000c8       0x28 src/c/sky.c.57.o
 .debug_aranges
                0x000000f0       0x18 aplite/appinfo.auto.c.57.o
 .debug_aranges
                0x00000108       0x18 aplite/src/resource_ids.auto.c.57.o
 .debug_aranges
                0x00000120       0x18 src/message_keys.auto.c.57.o

.debug_rnglists
                0x00000000      0x118
 .debug_rnglists
                0x00000000       0xba src/c/literary-watch.c.57.o
 .debug_rnglists
                0x000000ba       0x45 src/c/quotes.c.57.o
 .debug_rnglists
                0x000000ff       0x19 src/c/sky.c.57.o

.debug_line     0x00000000     0x1476
 .debug_line    0x00000000      0x9d0 src/c/literary-watch.c.57.o
 .debug_line    0x000009d0      0x4c0 src/c/quotes.c.57.o
 .debug_line    0x00000e90      0x185 src/c/sky.c.57.o
 .debug_line    0x00001015      0x1c0 aplite/appinfo.auto.c.57.o
 .debug_line    0x000011d5      0x154 aplite/src/resource_ids.auto.c.57.o
 .debug_line    0x00001329      0x14d src/message_keys.auto.c.57.o

.debug_str      0x00000000     0x122e
 .debug_str     0x00000000     0x122e src/c/literary-watch.c.57.o
                                0xdfa (size before relaxing)
 .debug_str     0x0000122e      0x2ca src/c/quotes.c.57.o
 .debug_str     0x0000122e      0x1fd src/c/sky.c.57.o
 .debug_str     0x0000122e      0x4d2 aplite/appinfo.auto.c.57.o
 .debug_str     0x0000122e      0x253 aplite/src/resource_ids.auto.c.57.o
 .debug_str     0x0000122e      0x185 src/message_keys.auto.c.57.o

.debug_frame    0x00000000      0x2d4
 .debug_frame   0x00000000      0x21c src/c/literary-watch.c.57.o
 .debug_frame   0x0000021c       0x88 src/c/quotes.c.57.o
 .debug_frame   0x000002a4       0x30 src/c/sky.c.57.o
